###############################################################################
#
# IAR ELF Linker V8.40.1.212/W32 for ARM                  08/Dec/2020  19:10:26
# Copyright 2007-2019 IAR Systems AB.
#
#    Output file  =
#        C:\UW_Workspace\repos\embsys310\assignment08\assignment08\EWARM\assignment08\Exe\assignment08.out
#    Map file     =
#        C:\UW_Workspace\repos\embsys310\assignment08\assignment08\EWARM\assignment08\List\assignment08.map
#    Command line =
#        -f C:\Users\Kat\AppData\Local\Temp\EW876C.tmp
#        (C:\UW_Workspace\repos\embsys310\assignment08\assignment08\EWARM\assignment08\Obj\main.o
#        C:\UW_Workspace\repos\embsys310\assignment08\assignment08\EWARM\assignment08\Obj\startup_stm32l475xx.o
#        C:\UW_Workspace\repos\embsys310\assignment08\assignment08\EWARM\assignment08\Obj\stm32l4xx_hal.o
#        C:\UW_Workspace\repos\embsys310\assignment08\assignment08\EWARM\assignment08\Obj\stm32l4xx_hal_cortex.o
#        C:\UW_Workspace\repos\embsys310\assignment08\assignment08\EWARM\assignment08\Obj\stm32l4xx_hal_dma.o
#        C:\UW_Workspace\repos\embsys310\assignment08\assignment08\EWARM\assignment08\Obj\stm32l4xx_hal_dma_ex.o
#        C:\UW_Workspace\repos\embsys310\assignment08\assignment08\EWARM\assignment08\Obj\stm32l4xx_hal_exti.o
#        C:\UW_Workspace\repos\embsys310\assignment08\assignment08\EWARM\assignment08\Obj\stm32l4xx_hal_flash.o
#        C:\UW_Workspace\repos\embsys310\assignment08\assignment08\EWARM\assignment08\Obj\stm32l4xx_hal_flash_ex.o
#        C:\UW_Workspace\repos\embsys310\assignment08\assignment08\EWARM\assignment08\Obj\stm32l4xx_hal_flash_ramfunc.o
#        C:\UW_Workspace\repos\embsys310\assignment08\assignment08\EWARM\assignment08\Obj\stm32l4xx_hal_gpio.o
#        C:\UW_Workspace\repos\embsys310\assignment08\assignment08\EWARM\assignment08\Obj\stm32l4xx_hal_i2c.o
#        C:\UW_Workspace\repos\embsys310\assignment08\assignment08\EWARM\assignment08\Obj\stm32l4xx_hal_i2c_ex.o
#        C:\UW_Workspace\repos\embsys310\assignment08\assignment08\EWARM\assignment08\Obj\stm32l4xx_hal_msp.o
#        C:\UW_Workspace\repos\embsys310\assignment08\assignment08\EWARM\assignment08\Obj\stm32l4xx_hal_pwr.o
#        C:\UW_Workspace\repos\embsys310\assignment08\assignment08\EWARM\assignment08\Obj\stm32l4xx_hal_pwr_ex.o
#        C:\UW_Workspace\repos\embsys310\assignment08\assignment08\EWARM\assignment08\Obj\stm32l4xx_hal_rcc.o
#        C:\UW_Workspace\repos\embsys310\assignment08\assignment08\EWARM\assignment08\Obj\stm32l4xx_hal_rcc_ex.o
#        C:\UW_Workspace\repos\embsys310\assignment08\assignment08\EWARM\assignment08\Obj\stm32l4xx_hal_tim.o
#        C:\UW_Workspace\repos\embsys310\assignment08\assignment08\EWARM\assignment08\Obj\stm32l4xx_hal_tim_ex.o
#        C:\UW_Workspace\repos\embsys310\assignment08\assignment08\EWARM\assignment08\Obj\stm32l4xx_it.o
#        C:\UW_Workspace\repos\embsys310\assignment08\assignment08\EWARM\assignment08\Obj\system_stm32l4xx.o
#        --redirect _Printf=_PrintfFull --redirect _Scanf=_ScanfFull
#        --no_out_extension -o
#        C:\UW_Workspace\repos\embsys310\assignment08\assignment08\EWARM\assignment08\Exe\assignment08.out
#        --map
#        C:\UW_Workspace\repos\embsys310\assignment08\assignment08\EWARM\assignment08\List\assignment08.map
#        --config
#        C:\UW_Workspace\repos\embsys310\assignment08\assignment08\EWARM/stm32l475xx_flash.icf
#        --semihosting --entry __iar_program_start --vfe --text_out locale)
#
###############################################################################

*******************************************************************************
*** RUNTIME MODEL ATTRIBUTES
***

CppFlavor       = *
__SystemLibrary = DLib
__dlib_version  = 6


*******************************************************************************
*** HEAP SELECTION
***

The basic heap was selected because some modules are built with
size limitations (and not runtime checking), and --advanced_heap
was not specified.


*******************************************************************************
*** PLACEMENT SUMMARY
***

"A0":  place at address 0x800'0000 { ro section .intvec };
"P1":  place in [from 0x800'0000 to 0x80f'ffff] { ro };
define block CSTACK with size = 1K, alignment = 8 { };
define block HEAP with size = 512, alignment = 8 { };
"P2":  place in [from 0x2000'0000 to 0x2001'7fff] {
          rw, block CSTACK, block HEAP };
"P3":  place in [from 0x2000'0000 to 0x2001'7fff] { };
initialize by copy { rw };

  Section            Kind         Address    Size  Object
  -------            ----         -------    ----  ------
"A0":                                       0x188
  .intvec            ro code   0x800'0000   0x188  startup_stm32l475xx.o [1]
                             - 0x800'0188   0x188

"P1":                                      0x16f0
  .text              ro code   0x800'0188   0x6bc  stm32l4xx_hal_rcc.o [1]
  .text              ro code   0x800'0844    0x44  stm32l4xx_hal.o [1]
  .text              ro code   0x800'0888     0xc  stm32l4xx_hal.o [1]
  .text              ro code   0x800'0894    0x84  stm32l4xx_hal_pwr_ex.o [1]
  .text              ro code   0x800'0918    0xac  stm32l4xx_hal_cortex.o [1]
  .text              ro code   0x800'09c4   0x5f8  stm32l4xx_hal_tim.o [1]
  .text              ro code   0x800'0fbc    0xac  stm32l4xx_hal_msp.o [1]
  .text              ro code   0x800'1068    0x14  memset.o [4]
  .text              ro code   0x800'107c   0x1e0  stm32l4xx_hal_gpio.o [1]
  .text              ro code   0x800'125c    0x66  ABImemset.o [4]
  .text              ro code   0x800'12c2    0x3a  zero_init3.o [4]
  .text              ro code   0x800'12fc   0x1a0  main.o [1]
  .text              ro code   0x800'149c    0x1e  stm32l4xx_hal.o [1]
  .text              ro code   0x800'14ba    0x2e  copy_init3.o [4]
  .text              ro code   0x800'14e8    0x94  stm32l4xx_hal_tim_ex.o [1]
  .text              ro code   0x800'157c    0x28  stm32l4xx_hal.o [1]
  .text              ro code   0x800'15a4    0x5c  system_stm32l4xx.o [1]
  .rodata            const     0x800'1600    0x30  system_stm32l4xx.o [1]
  .text              ro code   0x800'1630    0x28  data_init.o [4]
  .text              ro code   0x800'1658    0x22  fpinit_M.o [3]
  .iar.init_table    const     0x800'167c    0x24  - Linker created -
  .text              ro code   0x800'16a0    0x1e  cmain.o [4]
  .text              ro code   0x800'16be     0x4  low_level_init.o [2]
  .text              ro code   0x800'16c2     0x4  exit.o [2]
  .text              ro code   0x800'16c8     0xa  cexit.o [4]
  .text              ro code   0x800'16d4    0x14  exit.o [5]
  .text              ro code   0x800'16e8    0x14  stm32l4xx_it.o [1]
  .text              ro code   0x800'16fc    0x10  stm32l4xx_hal.o [1]
  .text              ro code   0x800'170c    0x10  startup_stm32l475xx.o [1]
  Initializer bytes  const     0x800'171c    0x10  <for P2-P3-1>
  .text              ro code   0x800'172c     0xc  cstartup_M.o [4]
  .text              ro code   0x800'1738     0x4  startup_stm32l475xx.o [1]
  .text              ro code   0x800'173c     0x4  startup_stm32l475xx.o [1]
  .text              ro code   0x800'1740     0x4  startup_stm32l475xx.o [1]
  .text              ro code   0x800'1744     0x4  startup_stm32l475xx.o [1]
  .text              ro code   0x800'1748     0x4  startup_stm32l475xx.o [1]
  .text              ro code   0x800'174c     0x4  startup_stm32l475xx.o [1]
  .text              ro code   0x800'1750     0x4  startup_stm32l475xx.o [1]
  .text              ro code   0x800'1754     0x4  startup_stm32l475xx.o [1]
  .text              ro code   0x800'1758     0x4  startup_stm32l475xx.o [1]
  .text              ro code   0x800'175c     0x4  startup_stm32l475xx.o [1]
  .text              ro code   0x800'1760     0x4  startup_stm32l475xx.o [1]
  .text              ro code   0x800'1764     0x4  startup_stm32l475xx.o [1]
  .text              ro code   0x800'1768     0x4  startup_stm32l475xx.o [1]
  .text              ro code   0x800'176c     0x4  startup_stm32l475xx.o [1]
  .text              ro code   0x800'1770     0x4  startup_stm32l475xx.o [1]
  .text              ro code   0x800'1774     0x4  startup_stm32l475xx.o [1]
  .text              ro code   0x800'1778     0x4  startup_stm32l475xx.o [1]
  .text              ro code   0x800'177c     0x4  startup_stm32l475xx.o [1]
  .text              ro code   0x800'1780     0x4  startup_stm32l475xx.o [1]
  .text              ro code   0x800'1784     0x4  startup_stm32l475xx.o [1]
  .text              ro code   0x800'1788     0x4  startup_stm32l475xx.o [1]
  .text              ro code   0x800'178c     0x4  startup_stm32l475xx.o [1]
  .text              ro code   0x800'1790     0x4  startup_stm32l475xx.o [1]
  .text              ro code   0x800'1794     0x4  startup_stm32l475xx.o [1]
  .text              ro code   0x800'1798     0x4  startup_stm32l475xx.o [1]
  .text              ro code   0x800'179c     0x4  startup_stm32l475xx.o [1]
  .text              ro code   0x800'17a0     0x4  startup_stm32l475xx.o [1]
  .text              ro code   0x800'17a4     0x4  startup_stm32l475xx.o [1]
  .text              ro code   0x800'17a8     0x4  startup_stm32l475xx.o [1]
  .text              ro code   0x800'17ac     0x4  startup_stm32l475xx.o [1]
  .text              ro code   0x800'17b0     0x4  startup_stm32l475xx.o [1]
  .text              ro code   0x800'17b4     0x4  startup_stm32l475xx.o [1]
  .text              ro code   0x800'17b8     0x4  startup_stm32l475xx.o [1]
  .text              ro code   0x800'17bc     0x4  startup_stm32l475xx.o [1]
  .text              ro code   0x800'17c0     0x4  startup_stm32l475xx.o [1]
  .text              ro code   0x800'17c4     0x4  startup_stm32l475xx.o [1]
  .text              ro code   0x800'17c8     0x4  startup_stm32l475xx.o [1]
  .text              ro code   0x800'17cc     0x4  startup_stm32l475xx.o [1]
  .text              ro code   0x800'17d0     0x4  startup_stm32l475xx.o [1]
  .text              ro code   0x800'17d4     0x4  startup_stm32l475xx.o [1]
  .text              ro code   0x800'17d8     0x4  startup_stm32l475xx.o [1]
  .text              ro code   0x800'17dc     0x4  startup_stm32l475xx.o [1]
  .text              ro code   0x800'17e0     0x4  startup_stm32l475xx.o [1]
  .text              ro code   0x800'17e4     0x4  startup_stm32l475xx.o [1]
  .text              ro code   0x800'17e8     0x4  startup_stm32l475xx.o [1]
  .text              ro code   0x800'17ec     0x4  startup_stm32l475xx.o [1]
  .text              ro code   0x800'17f0     0x4  startup_stm32l475xx.o [1]
  .text              ro code   0x800'17f4     0x4  startup_stm32l475xx.o [1]
  .text              ro code   0x800'17f8     0x4  startup_stm32l475xx.o [1]
  .text              ro code   0x800'17fc     0x4  startup_stm32l475xx.o [1]
  .text              ro code   0x800'1800     0x4  startup_stm32l475xx.o [1]
  .text              ro code   0x800'1804     0x4  startup_stm32l475xx.o [1]
  .text              ro code   0x800'1808     0x4  startup_stm32l475xx.o [1]
  .text              ro code   0x800'180c     0x4  startup_stm32l475xx.o [1]
  .text              ro code   0x800'1810     0x4  startup_stm32l475xx.o [1]
  .text              ro code   0x800'1814     0x4  startup_stm32l475xx.o [1]
  .text              ro code   0x800'1818     0x4  startup_stm32l475xx.o [1]
  .text              ro code   0x800'181c     0x4  startup_stm32l475xx.o [1]
  .text              ro code   0x800'1820     0x4  startup_stm32l475xx.o [1]
  .text              ro code   0x800'1824     0x4  startup_stm32l475xx.o [1]
  .text              ro code   0x800'1828     0x4  startup_stm32l475xx.o [1]
  .text              ro code   0x800'182c     0x4  startup_stm32l475xx.o [1]
  .text              ro code   0x800'1830     0x4  startup_stm32l475xx.o [1]
  .text              ro code   0x800'1834     0x4  startup_stm32l475xx.o [1]
  .text              ro code   0x800'1838     0x4  startup_stm32l475xx.o [1]
  .text              ro code   0x800'183c     0x4  startup_stm32l475xx.o [1]
  .text              ro code   0x800'1840     0x4  startup_stm32l475xx.o [1]
  .text              ro code   0x800'1844     0x4  startup_stm32l475xx.o [1]
  .text              ro code   0x800'1848     0x4  startup_stm32l475xx.o [1]
  .text              ro code   0x800'184c     0x4  startup_stm32l475xx.o [1]
  .text              ro code   0x800'1850     0x4  startup_stm32l475xx.o [1]
  .text              ro code   0x800'1854     0x4  startup_stm32l475xx.o [1]
  .text              ro code   0x800'1858     0x4  startup_stm32l475xx.o [1]
  .text              ro code   0x800'185c     0x4  startup_stm32l475xx.o [1]
  .text              ro code   0x800'1860     0x4  startup_stm32l475xx.o [1]
  .text              ro code   0x800'1864     0x4  startup_stm32l475xx.o [1]
  .text              ro code   0x800'1868     0x4  startup_stm32l475xx.o [1]
  .text              ro code   0x800'186c     0x4  startup_stm32l475xx.o [1]
  .text              ro code   0x800'1870     0x4  startup_stm32l475xx.o [1]
  .text              ro code   0x800'1874     0x4  startup_stm32l475xx.o [1]
  .rodata            const     0x800'1878     0x0  zero_init3.o [4]
  .rodata            const     0x800'1878     0x0  copy_init3.o [4]
                             - 0x800'1878  0x16f0

"P2-P3", part 1 of 3:                        0x10
  P2-P3-1                     0x2000'0000    0x10  <Init block>
    .data            inited   0x2000'0000     0xc  stm32l4xx_hal.o [1]
    .data            inited   0x2000'000c     0x4  system_stm32l4xx.o [1]
                            - 0x2000'0010    0x10

"P2-P3", part 2 of 3:                        0x4c
  .bss               zero     0x2000'0010    0x4c  main.o [1]
                            - 0x2000'005c    0x4c

"P2-P3", part 3 of 3:                       0x400
  CSTACK                      0x2000'0060   0x400  <Block>
    CSTACK           uninit   0x2000'0060   0x400  <Block tail>
                            - 0x2000'0460   0x400

Unused ranges:

         From           To      Size
         ----           --      ----
   0x800'1878   0x80f'ffff  0xf'e788
  0x2000'005c  0x2000'005f       0x4
  0x2000'0460  0x2001'7fff  0x1'7ba0


*******************************************************************************
*** INIT TABLE
***

          Address      Size
          -------      ----
Zero (__iar_zero_init3)
    1 destination range, total size 0x4c:
          0x2000'0010  0x4c

Copy (__iar_copy_init3)
    1 source range, total size 0x10:
           0x800'171c  0x10
    1 destination range, total size 0x10:
          0x2000'0000  0x10



*******************************************************************************
*** MODULE SUMMARY
***

    Module                  ro code  ro data  rw data
    ------                  -------  -------  -------
command line/config:
    -------------------------------------------------
    Total:

C:\UW_Workspace\repos\embsys310\assignment08\assignment08\EWARM\assignment08\Obj: [1]
    main.o                      416                76
    startup_stm32l475xx.o       728
    stm32l4xx_hal.o             166       12       12
    stm32l4xx_hal_cortex.o      172
    stm32l4xx_hal_gpio.o        480
    stm32l4xx_hal_msp.o         172
    stm32l4xx_hal_pwr_ex.o      132
    stm32l4xx_hal_rcc.o       1'724
    stm32l4xx_hal_tim.o       1'528
    stm32l4xx_hal_tim_ex.o      148
    stm32l4xx_it.o               20
    system_stm32l4xx.o           92       52        4
    -------------------------------------------------
    Total:                    5'778       64       92

dl7M_tln.a: [2]
    exit.o                        4
    low_level_init.o              4
    -------------------------------------------------
    Total:                        8

m7M_tls.a: [3]
    fpinit_M.o                   34
    -------------------------------------------------
    Total:                       34

rt7M_tl.a: [4]
    ABImemset.o                 102
    cexit.o                      10
    cmain.o                      30
    copy_init3.o                 46
    cstartup_M.o                 12
    data_init.o                  40
    memset.o                     20
    zero_init3.o                 58
    -------------------------------------------------
    Total:                      318

shb_l.a: [5]
    exit.o                       20
    -------------------------------------------------
    Total:                       20

    Gaps                          4        2
    Linker created                        36    1'024
-----------------------------------------------------
    Grand Total:              6'162      102    1'116


*******************************************************************************
*** ENTRY LIST
***

Entry                       Address   Size  Type      Object
-----                       -------   ----  ----      ------
.iar.init_table$$Base    0x800'167c          --   Gb  - Linker created -
.iar.init_table$$Limit   0x800'16a0          --   Gb  - Linker created -
?main                    0x800'16a1         Code  Gb  cmain.o [4]
AHBPrescTable            0x800'15f0   0x10  Data  Gb  system_stm32l4xx.o [1]
BusFault_Handler         0x800'16ef    0x2  Code  Gb  stm32l4xx_it.o [1]
CSTACK$$Base            0x2000'0060          --   Gb  - Linker created -
CSTACK$$Limit           0x2000'0460          --   Gb  - Linker created -
DebugMon_Handler         0x800'16f5    0x2  Code  Gb  stm32l4xx_it.o [1]
HAL_Delay                0x800'157d   0x28  Code  Wk  stm32l4xx_hal.o [1]
HAL_GPIO_Init            0x800'107d  0x1bc  Code  Gb  stm32l4xx_hal_gpio.o [1]
HAL_GetTick              0x800'0889    0xc  Code  Wk  stm32l4xx_hal.o [1]
HAL_IncTick              0x800'16fd   0x10  Code  Wk  stm32l4xx_hal.o [1]
HAL_Init                 0x800'149d   0x1e  Code  Gb  stm32l4xx_hal.o [1]
HAL_InitTick             0x800'0845   0x44  Code  Wk  stm32l4xx_hal.o [1]
HAL_MspInit              0x800'0fbd   0x2c  Code  Gb  stm32l4xx_hal_msp.o [1]
HAL_NVIC_SetPriority     0x800'094d   0x3a  Code  Gb  stm32l4xx_hal_cortex.o [1]
HAL_NVIC_SetPriorityGrouping
                         0x800'0933   0x1a  Code  Gb  stm32l4xx_hal_cortex.o [1]
HAL_PWREx_ControlVoltageScaling
                         0x800'08a1   0x5c  Code  Gb  stm32l4xx_hal_pwr_ex.o [1]
HAL_PWREx_GetVoltageRange
                         0x800'0895    0xc  Code  Gb  stm32l4xx_hal_pwr_ex.o [1]
HAL_RCC_ClockConfig      0x800'05f3  0x100  Code  Gb  stm32l4xx_hal_rcc.o [1]
HAL_RCC_GetSysClockFreq
                         0x800'0707   0x92  Code  Gb  stm32l4xx_hal_rcc.o [1]
HAL_RCC_OscConfig        0x800'0189  0x43e  Code  Gb  stm32l4xx_hal_rcc.o [1]
HAL_SYSTICK_Config       0x800'0989   0x28  Code  Gb  stm32l4xx_hal_cortex.o [1]
HAL_TIMEx_MasterConfigSynchronization
                         0x800'14e9   0x7a  Code  Gb  stm32l4xx_hal_tim_ex.o [1]
HAL_TIM_MspPostInit      0x800'100b   0x4c  Code  Gb  stm32l4xx_hal_msp.o [1]
HAL_TIM_PWM_ConfigChannel
                         0x800'0b55  0x102  Code  Gb  stm32l4xx_hal_tim.o [1]
HAL_TIM_PWM_Init         0x800'09ef   0x1a  Code  Gb  stm32l4xx_hal_tim.o [1]
HAL_TIM_PWM_MspInit      0x800'0fe9   0x22  Code  Gb  stm32l4xx_hal_msp.o [1]
HAL_TIM_PWM_Start        0x800'0a09   0xc8  Code  Gb  stm32l4xx_hal_tim.o [1]
HardFault_Handler        0x800'16eb    0x2  Code  Gb  stm32l4xx_it.o [1]
MSIRangeTable            0x800'1600   0x30  Data  Gb  system_stm32l4xx.o [1]
MemManage_Handler        0x800'16ed    0x2  Code  Gb  stm32l4xx_it.o [1]
NMI_Handler              0x800'16e9    0x2  Code  Gb  stm32l4xx_it.o [1]
PendSV_Handler           0x800'16f7    0x2  Code  Gb  stm32l4xx_it.o [1]
RCC_SetFlashLatencyFromMSIRange
                         0x800'0799   0x74  Code  Lc  stm32l4xx_hal_rcc.o [1]
Region$$Table$$Base      0x800'167c          --   Gb  - Linker created -
Region$$Table$$Limit     0x800'16a0          --   Gb  - Linker created -
SVC_Handler              0x800'16f3    0x2  Code  Gb  stm32l4xx_it.o [1]
SysTick_Handler          0x800'16f9    0x4  Code  Gb  stm32l4xx_it.o [1]
SystemClock_Config       0x800'13f7   0x64  Code  Gb  main.o [1]
SystemCoreClock         0x2000'000c    0x4  Data  Gb  system_stm32l4xx.o [1]
SystemInit               0x800'15a5   0x3c  Code  Gb  system_stm32l4xx.o [1]
TIM_Base_SetConfig       0x800'0c63   0xac  Code  Gb  stm32l4xx_hal_tim.o [1]
TIM_CCxChannelCmd        0x800'0fa1   0x16  Code  Gb  stm32l4xx_hal_tim.o [1]
TIM_OC1_SetConfig        0x800'0d0f   0x82  Code  Lc  stm32l4xx_hal_tim.o [1]
TIM_OC2_SetConfig        0x800'0d91   0x72  Code  Gb  stm32l4xx_hal_tim.o [1]
TIM_OC3_SetConfig        0x800'0e03   0x70  Code  Lc  stm32l4xx_hal_tim.o [1]
TIM_OC4_SetConfig        0x800'0e73   0x4e  Code  Lc  stm32l4xx_hal_tim.o [1]
TIM_OC5_SetConfig        0x800'0ec1   0x54  Code  Lc  stm32l4xx_hal_tim.o [1]
TIM_OC6_SetConfig        0x800'0f15   0x4e  Code  Lc  stm32l4xx_hal_tim.o [1]
UsageFault_Handler       0x800'16f1    0x2  Code  Gb  stm32l4xx_it.o [1]
__NVIC_SetPriority       0x800'0919   0x1a  Code  Lc  stm32l4xx_hal_cortex.o [1]
__aeabi_memset           0x800'125d         Code  Gb  ABImemset.o [4]
__cmain                  0x800'16a1         Code  Gb  cmain.o [4]
__exit                   0x800'16d5   0x14  Code  Gb  exit.o [5]
__iar_Memset             0x800'125d         Code  Gb  ABImemset.o [4]
__iar_Memset_word        0x800'1265         Code  Gb  ABImemset.o [4]
__iar_copy_init3         0x800'14bb   0x2e  Code  Gb  copy_init3.o [4]
__iar_data_init3         0x800'1631   0x28  Code  Gb  data_init.o [4]
__iar_init_vfp           0x800'1659         Code  Gb  fpinit_M.o [3]
__iar_program_start      0x800'172d         Code  Gb  cstartup_M.o [4]
__iar_zero_init3         0x800'12c3   0x3a  Code  Gb  zero_init3.o [4]
__low_level_init         0x800'16bf    0x4  Code  Gb  low_level_init.o [2]
__vector_table           0x800'0000         Data  Gb  startup_stm32l475xx.o [1]
_call_main               0x800'16ad         Code  Gb  cmain.o [4]
_exit                    0x800'16c9         Code  Gb  cexit.o [4]
_main                    0x800'16bb         Code  Gb  cmain.o [4]
exit                     0x800'16c3    0x4  Code  Gb  exit.o [2]
htim4                   0x2000'0010   0x4c  Data  Gb  main.o [1]
main                     0x800'12fd   0xfa  Code  Gb  main.o [1]
memset                   0x800'1069   0x14  Code  Gb  memset.o [4]
user_pwm_setvalue        0x800'1465   0x26  Code  Gb  main.o [1]
uwTick                  0x2000'0004    0x4  Data  Gb  stm32l4xx_hal.o [1]
uwTickFreq              0x2000'0000    0x1  Data  Gb  stm32l4xx_hal.o [1]
uwTickPrio              0x2000'0008    0x4  Data  Gb  stm32l4xx_hal.o [1]


[1] = C:\UW_Workspace\repos\embsys310\assignment08\assignment08\EWARM\assignment08\Obj
[2] = dl7M_tln.a
[3] = m7M_tls.a
[4] = rt7M_tl.a
[5] = shb_l.a

  6'162 bytes of readonly  code memory
    102 bytes of readonly  data memory
  1'116 bytes of readwrite data memory

Errors: none
Warnings: none
